// Jest Snapshot v1, https://goo.gl/fbAQLP

exports[`should render correctly 1`] = `
ShallowWrapper {
  Symbol(enzyme.__root__): [Circular],
  Symbol(enzyme.__unrendered__): <Login />,
  Symbol(enzyme.__renderer__): Object {
    "batchedUpdates": [Function],
    "checkPropTypes": [Function],
    "getNode": [Function],
    "render": [Function],
    "simulateError": [Function],
    "simulateEvent": [Function],
    "unmount": [Function],
  },
  Symbol(enzyme.__node__): Object {
    "instance": null,
    "key": undefined,
    "nodeType": "host",
    "props": Object {
      "children": Array [
        <header
          className="login-header"
>
          <span>
                    Connecting to
          </span>
          <span>
                    <img
                              src="sjsuhead.png"
                    />
          </span>
          <p>
                    Sign-in with your San Jose State University account to access SJSU Single Sign-on
          </p>
</header>,
        <div />,
        <form
          className="login-form"
          onSubmit={[Function]}
>
          <div
                    className="img-parent"
          >
                    <img
                              src="sjsuheader.png"
                    />
          </div>
          <p>
                    Sign In
          </p>
          <div
                    className="input-parent"
          >
                    <div>
                               
                              <input
                                        onChange={[Function]}
                                        placeholder="Email"
                                        required={true}
                                        type="text"
                              />
                    </div>
                    <div>
                              <input
                                        onChange={[Function]}
                                        placeholder="Password"
                                        required={true}
                                        type="password"
                              />
                    </div>
                    <div>
                              <input
                                        className="btn"
                                        type="submit"
                                        value="Login"
                              />
                    </div>
          </div>
          <div
                    className="sign-up"
          >
                    <span>
                              New User ? 
                    </span>
                    <Link
                              replace={false}
                              to="/signup"
                    >
                              Sign Up
                    </Link>
          </div>
</form>,
        <div />,
      ],
    },
    "ref": null,
    "rendered": Array [
      Object {
        "instance": null,
        "key": undefined,
        "nodeType": "host",
        "props": Object {
          "children": Array [
            <span>
              Connecting to
</span>,
            <span>
              <img
                            src="sjsuhead.png"
              />
</span>,
            <p>
              Sign-in with your San Jose State University account to access SJSU Single Sign-on
</p>,
          ],
          "className": "login-header",
        },
        "ref": null,
        "rendered": Array [
          Object {
            "instance": null,
            "key": undefined,
            "nodeType": "host",
            "props": Object {
              "children": "Connecting to",
            },
            "ref": null,
            "rendered": "Connecting to",
            "type": "span",
          },
          Object {
            "instance": null,
            "key": undefined,
            "nodeType": "host",
            "props": Object {
              "children": <img
                src="sjsuhead.png"
/>,
            },
            "ref": null,
            "rendered": Object {
              "instance": null,
              "key": undefined,
              "nodeType": "host",
              "props": Object {
                "src": "sjsuhead.png",
              },
              "ref": null,
              "rendered": null,
              "type": "img",
            },
            "type": "span",
          },
          Object {
            "instance": null,
            "key": undefined,
            "nodeType": "host",
            "props": Object {
              "children": "Sign-in with your San Jose State University account to access SJSU Single Sign-on",
            },
            "ref": null,
            "rendered": "Sign-in with your San Jose State University account to access SJSU Single Sign-on",
            "type": "p",
          },
        ],
        "type": "header",
      },
      Object {
        "instance": null,
        "key": undefined,
        "nodeType": "host",
        "props": Object {
          "children": null,
        },
        "ref": null,
        "rendered": null,
        "type": "div",
      },
      Object {
        "instance": null,
        "key": undefined,
        "nodeType": "host",
        "props": Object {
          "children": Array [
            <div
              className="img-parent"
>
              <img
                            src="sjsuheader.png"
              />
</div>,
            <p>
              Sign In
</p>,
            <div
              className="input-parent"
>
              <div>
                             
                            <input
                                          onChange={[Function]}
                                          placeholder="Email"
                                          required={true}
                                          type="text"
                            />
              </div>
              <div>
                            <input
                                          onChange={[Function]}
                                          placeholder="Password"
                                          required={true}
                                          type="password"
                            />
              </div>
              <div>
                            <input
                                          className="btn"
                                          type="submit"
                                          value="Login"
                            />
              </div>
</div>,
            <div
              className="sign-up"
>
              <span>
                            New User ? 
              </span>
              <Link
                            replace={false}
                            to="/signup"
              >
                            Sign Up
              </Link>
</div>,
          ],
          "className": "login-form",
          "onSubmit": [Function],
        },
        "ref": null,
        "rendered": Array [
          Object {
            "instance": null,
            "key": undefined,
            "nodeType": "host",
            "props": Object {
              "children": <img
                src="sjsuheader.png"
/>,
              "className": "img-parent",
            },
            "ref": null,
            "rendered": Object {
              "instance": null,
              "key": undefined,
              "nodeType": "host",
              "props": Object {
                "src": "sjsuheader.png",
              },
              "ref": null,
              "rendered": null,
              "type": "img",
            },
            "type": "div",
          },
          Object {
            "instance": null,
            "key": undefined,
            "nodeType": "host",
            "props": Object {
              "children": "Sign In",
            },
            "ref": null,
            "rendered": "Sign In",
            "type": "p",
          },
          Object {
            "instance": null,
            "key": undefined,
            "nodeType": "host",
            "props": Object {
              "children": Array [
                <div>
                   
                  <input
                                    onChange={[Function]}
                                    placeholder="Email"
                                    required={true}
                                    type="text"
                  />
</div>,
                <div>
                  <input
                                    onChange={[Function]}
                                    placeholder="Password"
                                    required={true}
                                    type="password"
                  />
</div>,
                <div>
                  <input
                                    className="btn"
                                    type="submit"
                                    value="Login"
                  />
</div>,
              ],
              "className": "input-parent",
            },
            "ref": null,
            "rendered": Array [
              Object {
                "instance": null,
                "key": undefined,
                "nodeType": "host",
                "props": Object {
                  "children": Array [
                    " ",
                    <input
                      onChange={[Function]}
                      placeholder="Email"
                      required={true}
                      type="text"
/>,
                  ],
                },
                "ref": null,
                "rendered": Array [
                  " ",
                  Object {
                    "instance": null,
                    "key": undefined,
                    "nodeType": "host",
                    "props": Object {
                      "onChange": [Function],
                      "placeholder": "Email",
                      "required": true,
                      "type": "text",
                    },
                    "ref": null,
                    "rendered": null,
                    "type": "input",
                  },
                ],
                "type": "div",
              },
              Object {
                "instance": null,
                "key": undefined,
                "nodeType": "host",
                "props": Object {
                  "children": <input
                    onChange={[Function]}
                    placeholder="Password"
                    required={true}
                    type="password"
/>,
                },
                "ref": null,
                "rendered": Object {
                  "instance": null,
                  "key": undefined,
                  "nodeType": "host",
                  "props": Object {
                    "onChange": [Function],
                    "placeholder": "Password",
                    "required": true,
                    "type": "password",
                  },
                  "ref": null,
                  "rendered": null,
                  "type": "input",
                },
                "type": "div",
              },
              Object {
                "instance": null,
                "key": undefined,
                "nodeType": "host",
                "props": Object {
                  "children": <input
                    className="btn"
                    type="submit"
                    value="Login"
/>,
                },
                "ref": null,
                "rendered": Object {
                  "instance": null,
                  "key": undefined,
                  "nodeType": "host",
                  "props": Object {
                    "className": "btn",
                    "type": "submit",
                    "value": "Login",
                  },
                  "ref": null,
                  "rendered": null,
                  "type": "input",
                },
                "type": "div",
              },
            ],
            "type": "div",
          },
          Object {
            "instance": null,
            "key": undefined,
            "nodeType": "host",
            "props": Object {
              "children": Array [
                <span>
                  New User ? 
</span>,
                <Link
                  replace={false}
                  to="/signup"
>
                  Sign Up
</Link>,
              ],
              "className": "sign-up",
            },
            "ref": null,
            "rendered": Array [
              Object {
                "instance": null,
                "key": undefined,
                "nodeType": "host",
                "props": Object {
                  "children": "New User ? ",
                },
                "ref": null,
                "rendered": "New User ? ",
                "type": "span",
              },
              Object {
                "instance": null,
                "key": undefined,
                "nodeType": "class",
                "props": Object {
                  "children": "Sign Up",
                  "replace": false,
                  "to": "/signup",
                },
                "ref": null,
                "rendered": "Sign Up",
                "type": [Function],
              },
            ],
            "type": "div",
          },
        ],
        "type": "form",
      },
      Object {
        "instance": null,
        "key": undefined,
        "nodeType": "host",
        "props": Object {
          "children": "",
        },
        "ref": null,
        "rendered": "",
        "type": "div",
      },
    ],
    "type": "div",
  },
  Symbol(enzyme.__nodes__): Array [
    Object {
      "instance": null,
      "key": undefined,
      "nodeType": "host",
      "props": Object {
        "children": Array [
          <header
            className="login-header"
>
            <span>
                        Connecting to
            </span>
            <span>
                        <img
                                    src="sjsuhead.png"
                        />
            </span>
            <p>
                        Sign-in with your San Jose State University account to access SJSU Single Sign-on
            </p>
</header>,
          <div />,
          <form
            className="login-form"
            onSubmit={[Function]}
>
            <div
                        className="img-parent"
            >
                        <img
                                    src="sjsuheader.png"
                        />
            </div>
            <p>
                        Sign In
            </p>
            <div
                        className="input-parent"
            >
                        <div>
                                     
                                    <input
                                                onChange={[Function]}
                                                placeholder="Email"
                                                required={true}
                                                type="text"
                                    />
                        </div>
                        <div>
                                    <input
                                                onChange={[Function]}
                                                placeholder="Password"
                                                required={true}
                                                type="password"
                                    />
                        </div>
                        <div>
                                    <input
                                                className="btn"
                                                type="submit"
                                                value="Login"
                                    />
                        </div>
            </div>
            <div
                        className="sign-up"
            >
                        <span>
                                    New User ? 
                        </span>
                        <Link
                                    replace={false}
                                    to="/signup"
                        >
                                    Sign Up
                        </Link>
            </div>
</form>,
          <div />,
        ],
      },
      "ref": null,
      "rendered": Array [
        Object {
          "instance": null,
          "key": undefined,
          "nodeType": "host",
          "props": Object {
            "children": Array [
              <span>
                Connecting to
</span>,
              <span>
                <img
                                src="sjsuhead.png"
                />
</span>,
              <p>
                Sign-in with your San Jose State University account to access SJSU Single Sign-on
</p>,
            ],
            "className": "login-header",
          },
          "ref": null,
          "rendered": Array [
            Object {
              "instance": null,
              "key": undefined,
              "nodeType": "host",
              "props": Object {
                "children": "Connecting to",
              },
              "ref": null,
              "rendered": "Connecting to",
              "type": "span",
            },
            Object {
              "instance": null,
              "key": undefined,
              "nodeType": "host",
              "props": Object {
                "children": <img
                  src="sjsuhead.png"
/>,
              },
              "ref": null,
              "rendered": Object {
                "instance": null,
                "key": undefined,
                "nodeType": "host",
                "props": Object {
                  "src": "sjsuhead.png",
                },
                "ref": null,
                "rendered": null,
                "type": "img",
              },
              "type": "span",
            },
            Object {
              "instance": null,
              "key": undefined,
              "nodeType": "host",
              "props": Object {
                "children": "Sign-in with your San Jose State University account to access SJSU Single Sign-on",
              },
              "ref": null,
              "rendered": "Sign-in with your San Jose State University account to access SJSU Single Sign-on",
              "type": "p",
            },
          ],
          "type": "header",
        },
        Object {
          "instance": null,
          "key": undefined,
          "nodeType": "host",
          "props": Object {
            "children": null,
          },
          "ref": null,
          "rendered": null,
          "type": "div",
        },
        Object {
          "instance": null,
          "key": undefined,
          "nodeType": "host",
          "props": Object {
            "children": Array [
              <div
                className="img-parent"
>
                <img
                                src="sjsuheader.png"
                />
</div>,
              <p>
                Sign In
</p>,
              <div
                className="input-parent"
>
                <div>
                                 
                                <input
                                                onChange={[Function]}
                                                placeholder="Email"
                                                required={true}
                                                type="text"
                                />
                </div>
                <div>
                                <input
                                                onChange={[Function]}
                                                placeholder="Password"
                                                required={true}
                                                type="password"
                                />
                </div>
                <div>
                                <input
                                                className="btn"
                                                type="submit"
                                                value="Login"
                                />
                </div>
</div>,
              <div
                className="sign-up"
>
                <span>
                                New User ? 
                </span>
                <Link
                                replace={false}
                                to="/signup"
                >
                                Sign Up
                </Link>
</div>,
            ],
            "className": "login-form",
            "onSubmit": [Function],
          },
          "ref": null,
          "rendered": Array [
            Object {
              "instance": null,
              "key": undefined,
              "nodeType": "host",
              "props": Object {
                "children": <img
                  src="sjsuheader.png"
/>,
                "className": "img-parent",
              },
              "ref": null,
              "rendered": Object {
                "instance": null,
                "key": undefined,
                "nodeType": "host",
                "props": Object {
                  "src": "sjsuheader.png",
                },
                "ref": null,
                "rendered": null,
                "type": "img",
              },
              "type": "div",
            },
            Object {
              "instance": null,
              "key": undefined,
              "nodeType": "host",
              "props": Object {
                "children": "Sign In",
              },
              "ref": null,
              "rendered": "Sign In",
              "type": "p",
            },
            Object {
              "instance": null,
              "key": undefined,
              "nodeType": "host",
              "props": Object {
                "children": Array [
                  <div>
                     
                    <input
                                        onChange={[Function]}
                                        placeholder="Email"
                                        required={true}
                                        type="text"
                    />
</div>,
                  <div>
                    <input
                                        onChange={[Function]}
                                        placeholder="Password"
                                        required={true}
                                        type="password"
                    />
</div>,
                  <div>
                    <input
                                        className="btn"
                                        type="submit"
                                        value="Login"
                    />
</div>,
                ],
                "className": "input-parent",
              },
              "ref": null,
              "rendered": Array [
                Object {
                  "instance": null,
                  "key": undefined,
                  "nodeType": "host",
                  "props": Object {
                    "children": Array [
                      " ",
                      <input
                        onChange={[Function]}
                        placeholder="Email"
                        required={true}
                        type="text"
/>,
                    ],
                  },
                  "ref": null,
                  "rendered": Array [
                    " ",
                    Object {
                      "instance": null,
                      "key": undefined,
                      "nodeType": "host",
                      "props": Object {
                        "onChange": [Function],
                        "placeholder": "Email",
                        "required": true,
                        "type": "text",
                      },
                      "ref": null,
                      "rendered": null,
                      "type": "input",
                    },
                  ],
                  "type": "div",
                },
                Object {
                  "instance": null,
                  "key": undefined,
                  "nodeType": "host",
                  "props": Object {
                    "children": <input
                      onChange={[Function]}
                      placeholder="Password"
                      required={true}
                      type="password"
/>,
                  },
                  "ref": null,
                  "rendered": Object {
                    "instance": null,
                    "key": undefined,
                    "nodeType": "host",
                    "props": Object {
                      "onChange": [Function],
                      "placeholder": "Password",
                      "required": true,
                      "type": "password",
                    },
                    "ref": null,
                    "rendered": null,
                    "type": "input",
                  },
                  "type": "div",
                },
                Object {
                  "instance": null,
                  "key": undefined,
                  "nodeType": "host",
                  "props": Object {
                    "children": <input
                      className="btn"
                      type="submit"
                      value="Login"
/>,
                  },
                  "ref": null,
                  "rendered": Object {
                    "instance": null,
                    "key": undefined,
                    "nodeType": "host",
                    "props": Object {
                      "className": "btn",
                      "type": "submit",
                      "value": "Login",
                    },
                    "ref": null,
                    "rendered": null,
                    "type": "input",
                  },
                  "type": "div",
                },
              ],
              "type": "div",
            },
            Object {
              "instance": null,
              "key": undefined,
              "nodeType": "host",
              "props": Object {
                "children": Array [
                  <span>
                    New User ? 
</span>,
                  <Link
                    replace={false}
                    to="/signup"
>
                    Sign Up
</Link>,
                ],
                "className": "sign-up",
              },
              "ref": null,
              "rendered": Array [
                Object {
                  "instance": null,
                  "key": undefined,
                  "nodeType": "host",
                  "props": Object {
                    "children": "New User ? ",
                  },
                  "ref": null,
                  "rendered": "New User ? ",
                  "type": "span",
                },
                Object {
                  "instance": null,
                  "key": undefined,
                  "nodeType": "class",
                  "props": Object {
                    "children": "Sign Up",
                    "replace": false,
                    "to": "/signup",
                  },
                  "ref": null,
                  "rendered": "Sign Up",
                  "type": [Function],
                },
              ],
              "type": "div",
            },
          ],
          "type": "form",
        },
        Object {
          "instance": null,
          "key": undefined,
          "nodeType": "host",
          "props": Object {
            "children": "",
          },
          "ref": null,
          "rendered": "",
          "type": "div",
        },
      ],
      "type": "div",
    },
  ],
  Symbol(enzyme.__options__): Object {
    "adapter": ReactSixteenAdapter {
      "options": Object {
        "enableComponentDidUpdateOnSetState": true,
        "legacyContextMode": "parent",
        "lifecycles": Object {
          "componentDidUpdate": Object {
            "onSetState": true,
          },
          "getChildContext": Object {
            "calledByRenderer": false,
          },
          "getDerivedStateFromProps": Object {
            "hasShouldComponentUpdateBug": false,
          },
          "getSnapshotBeforeUpdate": true,
          "setState": Object {
            "skipsComponentDidUpdateOnNullish": true,
          },
        },
      },
    },
  },
  Symbol(enzyme.__childContext__): null,
}
`;
